<?xml version="1.0" encoding="utf-8"?><testsuites name="pytest tests"><testsuite name="pytest" errors="0" failures="0" skipped="0" tests="0" time="8.753" timestamp="2026-07-04T12:23:50.333478+05:30" hostname="DESKTOP-OMN57PP" /></testsuites>